#ifndef stub_class_interface_hpp
#define stub_class_interface_hpp
#include "class_interface.hpp"

class StubSimple;

namespace StubCallbackSimple {
struct Ifunc1 { virtual int func1() = 0; };
struct Ifunc2_int { virtual void func2_int(int x) = 0; };
struct Ifunc2_double { virtual void func2_double(double x) = 0; };
struct IopAssign_Simple { virtual void opAssign_Simple(const Simple & other) = 0; };
struct Ifunc3 { virtual void func3() = 0; };
struct IStubDtor { virtual void StubDtor() = 0; };
} //NS:StubCallbackSimple

namespace StubInternalSimple {
class Stubfunc1 {
public:
    StubCallbackSimple::Ifunc1* GetCallback();
    void SetCallback(StubCallbackSimple::Ifunc1* value);
    unsigned GetCallCounter() const;
    void ResetCallCounter();
    int& SetReturn();
private:
    friend StubSimple;

    StubCallbackSimple::Ifunc1* callback;
    unsigned call_counter;
    int stub_return;
};
void StubInit(Stubfunc1* value);

class Stubfunc2_int {
public:
    StubCallbackSimple::Ifunc2_int* GetCallback();
    void SetCallback(StubCallbackSimple::Ifunc2_int* value);
    unsigned GetCallCounter() const;
    void ResetCallCounter();
    int GetParam_x();
private:
    friend StubSimple;

    StubCallbackSimple::Ifunc2_int* callback;
    unsigned call_counter;
    int Param_x;
};
void StubInit(Stubfunc2_int* value);

class Stubfunc2_double {
public:
    StubCallbackSimple::Ifunc2_double* GetCallback();
    void SetCallback(StubCallbackSimple::Ifunc2_double* value);
    unsigned GetCallCounter() const;
    void ResetCallCounter();
    double GetParam_x();
private:
    friend StubSimple;

    StubCallbackSimple::Ifunc2_double* callback;
    unsigned call_counter;
    double Param_x;
};
void StubInit(Stubfunc2_double* value);

class StubopAssign_Simple {
public:
    StubCallbackSimple::IopAssign_Simple* GetCallback();
    void SetCallback(StubCallbackSimple::IopAssign_Simple* value);
    unsigned GetCallCounter() const;
    void ResetCallCounter();
    Simple* GetParam_other();
private:
    friend StubSimple;

    StubCallbackSimple::IopAssign_Simple* callback;
    unsigned call_counter;
    Simple* Param_other;
};
void StubInit(StubopAssign_Simple* value);

class Stubfunc3 {
public:
    StubCallbackSimple::Ifunc3* GetCallback();
    void SetCallback(StubCallbackSimple::Ifunc3* value);
    unsigned GetCallCounter() const;
    void ResetCallCounter();
private:
    friend StubSimple;

    StubCallbackSimple::Ifunc3* callback;
    unsigned call_counter;
};
void StubInit(Stubfunc3* value);

class StubStubDtor {
public:
    StubCallbackSimple::IStubDtor* GetCallback();
    void SetCallback(StubCallbackSimple::IStubDtor* value);
    unsigned GetCallCounter() const;
    void ResetCallCounter();
private:
    friend StubSimple;

    StubCallbackSimple::IStubDtor* callback;
    unsigned call_counter;
};
void StubInit(StubStubDtor* value);

class StubStubData {
public:
    StubStubData();
    ~StubStubData();

    StubInternalSimple::Stubfunc1& func1();
    StubInternalSimple::Stubfunc2_int& func2_int();
    StubInternalSimple::Stubfunc2_double& func2_double();
    StubInternalSimple::StubopAssign_Simple& opAssign_Simple();
    StubInternalSimple::Stubfunc3& func3();
    StubInternalSimple::StubStubDtor& StubDtor();

private:
    StubInternalSimple::Stubfunc1 stub_func1;
    StubInternalSimple::Stubfunc2_int stub_func2_int;
    StubInternalSimple::Stubfunc2_double stub_func2_double;
    StubInternalSimple::StubopAssign_Simple stub_opAssign_Simple;
    StubInternalSimple::Stubfunc3 stub_func3;
    StubInternalSimple::StubStubDtor stub_StubDtor;
};
} //NS:StubInternalSimple

class StubSimple : public Simple {
public:
    virtual int func1();
    virtual void func2(int x);
    virtual void func2(double x);
    virtual void operator=(const Simple & other);
private:
    virtual void func3();
public:
    StubSimple();
    virtual ~StubSimple();

public:
    StubInternalSimple::StubStubData& GetStub();

private:
    StubInternalSimple::StubStubData Stub_data;
};

#endif // stub_class_interface_hpp
