#include "stub_class_impl.hpp"

namespace StubInternalSimple {
StubCallbackSimple::IStubDtor* StubStubDtor::GetCallback() {
    return callback;
}

void StubStubDtor::SetCallback(StubCallbackSimple::IStubDtor* value) {
    callback = value;
}

unsigned StubStubDtor::GetCallCounter() const {
    return call_counter;
}

void StubStubDtor::ResetCallCounter() {
    call_counter = 0;
}

void StubInit(StubStubDtor* value) {
    char* d = reinterpret_cast<char*>(value);
    char* end = d + sizeof(StubStubDtor);
    for (; d != end; ++d) {
        *d = 0;
    }
}

StubStubData::StubStubData() {
    StubInit(&stub_StubDtor);
}

StubStubData::~StubStubData() {
}

StubInternalSimple::StubStubDtor& StubStubData::StubDtor() {
    return stub_StubDtor;
}

} //NS:StubInternalSimple

StubSimple::StubSimple() {
}

StubSimple::StubSimple(char x) {
}

StubSimple::StubSimple(int y) {
}

StubSimple::~StubSimple() {
    Stub_data.StubDtor().call_counter++;

    if (Stub_data.StubDtor().callback != 0) {
        Stub_data.StubDtor().callback->StubDtor();
    }
}

StubInternalSimple::StubStubData& StubSimple::GetStub() {
    return Stub_data;
}

