#include "stub_class_simple.hpp"

namespace StubInternalSimple {
void StubInit(StubStubDtor* value) {
    char* d = reinterpret_cast<char*>(value);
    char* end = d + sizeof(StubStubDtor);
    for (; d != end; ++d) {
        *d = 0;
    }
}

StubStubData::StubStubData() {
    StubInit(&stub_StubDtor);
}

StubStubData::~StubStubData() {
}

StubInternalSimple::StubStubDtor& StubStubData::StubDtor() {
    return stub_StubDtor;
}

} //NS:StubInternalSimple

StubSimple::StubSimple() {
}

StubSimple::StubSimple(char foo) {
}

StubSimple::~StubSimple() {
    Stub_data.StubDtor().call_counter++;

    if (Stub_data.StubDtor().callback != 0) {
        Stub_data.StubDtor().callback->StubDtor();
    }
}

StubInternalSimple::StubStubData& StubSimple::StubGet() {
    return Stub_data;
}

