#include "stub_class_nested.hpp"

namespace StubInternalOuterClass {
void StubInit(StubCallback* value) {
    char* d = reinterpret_cast<char*>(value);
    char* end = d + sizeof(StubCallback);
    for (; d != end; ++d) {
        *d = 0;
    }
}

void StubInit(StubCounter* value) {
    char* d = reinterpret_cast<char*>(value);
    char* end = d + sizeof(StubCounter);
    for (; d != end; ++d) {
        *d = 0;
    }
}

} //NS:StubInternalOuterClass

StubOuterClass::StubOuterClass() {
    StubInternalOuterClass::StubInit(&StubOuterClass_callback);
    StubInternalOuterClass::StubInit(&StubOuterClass_cnt);
}

StubOuterClass::~StubOuterClass() {
    StubOuterClass_cnt.dtorOuterClass++;

    if (StubOuterClass_callback.dtorOuterClass != 0) {
        StubOuterClass_callback.dtorOuterClass->dtorOuterClass();
    }
}

StubInternalOuterClass::StubCallback& StubOuterClass::StubGetCallback() {
    return this->StubOuterClass_callback;
}

StubInternalOuterClass::StubCounter& StubOuterClass::StubGetCounter() {
    return this->StubOuterClass_cnt;
}

namespace StubInternalInnerClass {
void StubInit(StubCallback* value) {
    char* d = reinterpret_cast<char*>(value);
    char* end = d + sizeof(StubCallback);
    for (; d != end; ++d) {
        *d = 0;
    }
}

void StubInit(StubCounter* value) {
    char* d = reinterpret_cast<char*>(value);
    char* end = d + sizeof(StubCounter);
    for (; d != end; ++d) {
        *d = 0;
    }
}

} //NS:StubInternalInnerClass

StubInnerClass::StubInnerClass() {
    StubInternalInnerClass::StubInit(&StubInnerClass_callback);
    StubInternalInnerClass::StubInit(&StubInnerClass_cnt);
}

StubInnerClass::~StubInnerClass() {
    StubInnerClass_cnt.dtorInnerClass++;

    if (StubInnerClass_callback.dtorInnerClass != 0) {
        StubInnerClass_callback.dtorInnerClass->dtorInnerClass();
    }
}

StubInternalInnerClass::StubCallback& StubInnerClass::StubGetCallback() {
    return this->StubInnerClass_callback;
}

StubInternalInnerClass::StubCounter& StubInnerClass::StubGetCounter() {
    return this->StubInnerClass_cnt;
}

