#ifndef stub_class_inherit_hpp
#define stub_class_inherit_hpp
#include "class_inherit.hpp"

namespace StubCallbackFoo {
struct Ifunc2 { virtual void func2() = 0; };
struct Ifunc3 { virtual void func3() = 0; };
} //NS:StubCallbackFoo

namespace StubInternalFoo {
struct Stubfunc2 {
    StubCallbackFoo::Ifunc2* callback;
    unsigned call_counter;
};
void StubInit(Stubfunc2* value);

struct Stubfunc3 {
    StubCallbackFoo::Ifunc3* callback;
    unsigned call_counter;
};
void StubInit(Stubfunc3* value);

class StubStubData {
public:
    StubStubData();
    ~StubStubData();

    StubInternalFoo::Stubfunc2& func2();
    StubInternalFoo::Stubfunc3& func3();

private:
    StubInternalFoo::Stubfunc2 stub_func2;
    StubInternalFoo::Stubfunc3 stub_func3;
};
} //NS:StubInternalFoo

class StubFoo : public Foo {
public:
    virtual void func2();
    virtual void func3();
public:
    StubInternalFoo::StubStubData& GetStub();

private:
    StubInternalFoo::StubStubData Stub_data;
};

namespace BarSpace {
namespace StubCallbackBar {
struct Ifunc5 { virtual void func5() = 0; };
} //NS:StubCallbackBar

namespace StubInternalBar {
struct Stubfunc5 {
    StubCallbackBar::Ifunc5* callback;
    unsigned call_counter;
};
void StubInit(Stubfunc5* value);

class StubStubData {
public:
    StubStubData();
    ~StubStubData();

    StubInternalBar::Stubfunc5& func5();

private:
    StubInternalBar::Stubfunc5 stub_func5;
};
} //NS:StubInternalBar

class StubBar : public BarSpace::Bar {
public:
    virtual void func5();
public:
    StubInternalBar::StubStubData& GetStub();

private:
    StubInternalBar::StubStubData Stub_data;
};

} //NS:BarSpace

namespace StubCallbackWarp {
struct Ifunc2 { virtual void func2() = 0; };
struct Ifunc3 { virtual void func3() = 0; };
struct Ifunc4 { virtual void func4() = 0; };
} //NS:StubCallbackWarp

namespace StubInternalWarp {
struct Stubfunc2 {
    StubCallbackWarp::Ifunc2* callback;
    unsigned call_counter;
};
void StubInit(Stubfunc2* value);

struct Stubfunc3 {
    StubCallbackWarp::Ifunc3* callback;
    unsigned call_counter;
};
void StubInit(Stubfunc3* value);

struct Stubfunc4 {
    StubCallbackWarp::Ifunc4* callback;
    unsigned call_counter;
};
void StubInit(Stubfunc4* value);

class StubStubData {
public:
    StubStubData();
    ~StubStubData();

    StubInternalWarp::Stubfunc2& func2();
    StubInternalWarp::Stubfunc3& func3();
    StubInternalWarp::Stubfunc4& func4();

private:
    StubInternalWarp::Stubfunc2 stub_func2;
    StubInternalWarp::Stubfunc3 stub_func3;
    StubInternalWarp::Stubfunc4 stub_func4;
};
} //NS:StubInternalWarp

class StubWarp : public Warp {
public:
    virtual void func2();
    virtual void func3();
private:
    virtual void func4();
public:
    StubInternalWarp::StubStubData& GetStub();

private:
    StubInternalWarp::StubStubData Stub_data;
};

namespace StubCallbackSmurf {
struct Ifunc2 { virtual void func2() = 0; };
struct Ifunc3 { virtual void func3() = 0; };
struct Ifunc5 { virtual void func5() = 0; };
struct Ifunc4 { virtual void func4() = 0; };
struct IStubDtor { virtual void StubDtor() = 0; };
} //NS:StubCallbackSmurf

namespace StubInternalSmurf {
struct Stubfunc2 {
    StubCallbackSmurf::Ifunc2* callback;
    unsigned call_counter;
};
void StubInit(Stubfunc2* value);

struct Stubfunc3 {
    StubCallbackSmurf::Ifunc3* callback;
    unsigned call_counter;
};
void StubInit(Stubfunc3* value);

struct Stubfunc5 {
    StubCallbackSmurf::Ifunc5* callback;
    unsigned call_counter;
};
void StubInit(Stubfunc5* value);

struct Stubfunc4 {
    StubCallbackSmurf::Ifunc4* callback;
    unsigned call_counter;
};
void StubInit(Stubfunc4* value);

struct StubStubDtor {
    StubCallbackSmurf::IStubDtor* callback;
    unsigned call_counter;
};
void StubInit(StubStubDtor* value);

class StubStubData {
public:
    StubStubData();
    ~StubStubData();

    StubInternalSmurf::Stubfunc2& func2();
    StubInternalSmurf::Stubfunc3& func3();
    StubInternalSmurf::Stubfunc5& func5();
    StubInternalSmurf::Stubfunc4& func4();
    StubInternalSmurf::StubStubDtor& StubDtor();

private:
    StubInternalSmurf::Stubfunc2 stub_func2;
    StubInternalSmurf::Stubfunc3 stub_func3;
    StubInternalSmurf::Stubfunc5 stub_func5;
    StubInternalSmurf::Stubfunc4 stub_func4;
    StubInternalSmurf::StubStubDtor stub_StubDtor;
};
} //NS:StubInternalSmurf

class StubSmurf : public Smurf {
public:
    virtual void func2();
    virtual void func3();
public:
    virtual void func5();
private:
    virtual void func4();
public:
    StubSmurf();
    virtual ~StubSmurf();

public:
    StubInternalSmurf::StubStubData& GetStub();

private:
    StubInternalSmurf::StubStubData Stub_data;
};

namespace StubCallbackDaddySmurf {
struct Ifunc2 { virtual void func2() = 0; };
struct Ifunc3 { virtual void func3() = 0; };
struct Ifunc4 { virtual void func4() = 0; };
struct IStubDtor { virtual void StubDtor() = 0; };
} //NS:StubCallbackDaddySmurf

namespace StubInternalDaddySmurf {
struct Stubfunc2 {
    StubCallbackDaddySmurf::Ifunc2* callback;
    unsigned call_counter;
};
void StubInit(Stubfunc2* value);

struct Stubfunc3 {
    StubCallbackDaddySmurf::Ifunc3* callback;
    unsigned call_counter;
};
void StubInit(Stubfunc3* value);

struct Stubfunc4 {
    StubCallbackDaddySmurf::Ifunc4* callback;
    unsigned call_counter;
};
void StubInit(Stubfunc4* value);

struct StubStubDtor {
    StubCallbackDaddySmurf::IStubDtor* callback;
    unsigned call_counter;
};
void StubInit(StubStubDtor* value);

class StubStubData {
public:
    StubStubData();
    ~StubStubData();

    StubInternalDaddySmurf::Stubfunc2& func2();
    StubInternalDaddySmurf::Stubfunc3& func3();
    StubInternalDaddySmurf::Stubfunc4& func4();
    StubInternalDaddySmurf::StubStubDtor& StubDtor();

private:
    StubInternalDaddySmurf::Stubfunc2 stub_func2;
    StubInternalDaddySmurf::Stubfunc3 stub_func3;
    StubInternalDaddySmurf::Stubfunc4 stub_func4;
    StubInternalDaddySmurf::StubStubDtor stub_StubDtor;
};
} //NS:StubInternalDaddySmurf

class StubDaddySmurf : public DaddySmurf {
public:
    virtual void func2();
    virtual void func3();
private:
    virtual void func4();
public:
    StubDaddySmurf();
    virtual ~StubDaddySmurf();

public:
    StubInternalDaddySmurf::StubStubData& GetStub();

private:
    StubInternalDaddySmurf::StubStubData Stub_data;
};

#endif // stub_class_inherit_hpp
