#ifndef class_impl.hpp.out
#define class_impl.hpp.out
class StubSimple : public Simple {
public:
    StubSimple();
    StubSimple(char x);
    StubSimple(int y);
    ~StubSimple();

private:
};

namespace StubCallbackSimple {
struct IdtorSimple { virtual void dtorSimple() = 0; };
} //NS:StubCallbackSimple

namespace StubInternalSimple {
struct StubData {
    unsigned dtorSimple_cnt;
    StubCallbackSimple::IdtorSimple* dtorSimple_callback;
};
} //NS:StubInternalSimple
#endif // class_impl.hpp.out
