#ifndef stub_class_simple_hpp
#define stub_class_simple_hpp
#include "class_simple.hpp"

namespace StubCallbackSimple {
struct IdtorSimple { virtual void dtorSimple() = 0; };
} //NS:StubCallbackSimple

namespace StubInternalSimple {
struct StubCallback {
    StubCallbackSimple::IdtorSimple* dtorSimple;
};
void StubInit(StubCallback* value);

struct StubCounter {
    unsigned dtorSimple;
};
void StubInit(StubCounter* value);

} //NS:StubInternalSimple

class StubSimple : public Simple {
public:
    StubSimple();
    StubSimple(char foo);
    ~StubSimple();

public:
    StubInternalSimple::StubCallback& StubGetCallback();
    StubInternalSimple::StubCounter& StubGetCounter();

private:
    StubInternalSimple::StubCallback StubSimple_callback;
    StubInternalSimple::StubCounter StubSimple_cnt;
};

#endif // stub_class_simple_hpp
