#ifndef class_simple_hpp
#define class_simple_hpp
class StubSimple : public Simple {
public:
    StubSimple();
    StubSimple(char foo);
    ~StubSimple();

};

namespace StubCallbackSimple {
struct IdtorSimple { virtual void dtorSimple() = 0; };
} //NS:StubCallbackSimple

namespace StubInternalSimple {
struct StubData {
    StubCallbackSimple::IdtorSimple* dtorSimple_callback;
    unsigned dtorSimple_cnt;
};
} //NS:StubInternalSimple

#endif // class_simple_hpp
