#include "class_inherit.hpp"

void StubFoo::func2() {
}

void StubFoo::func3() {
}

namespace StubInternalFoo {
void StubInit(StubCallback* value) {
    char* d = static_cast<char*>(value);
    char* end = d + sizeof(StubCallback);
    for (; d != end; ++d) {
        *d = 0;
    }
}

void StubInit(StubCounter* value) {
    char* d = static_cast<char*>(value);
    char* end = d + sizeof(StubCounter);
    for (; d != end; ++d) {
        *d = 0;
    }
}

} //NS:StubInternalFoo

namespace BarSpace {
void StubBar::func5() {
}

namespace StubInternalBar {
void StubInit(StubCallback* value) {
    char* d = static_cast<char*>(value);
    char* end = d + sizeof(StubCallback);
    for (; d != end; ++d) {
        *d = 0;
    }
}

void StubInit(StubCounter* value) {
    char* d = static_cast<char*>(value);
    char* end = d + sizeof(StubCounter);
    for (; d != end; ++d) {
        *d = 0;
    }
}

} //NS:StubInternalBar

} //NS:BarSpace

void StubWarp::func2() {
}

void StubWarp::func3() {
}

void StubWarp::func4() {
}

namespace StubInternalWarp {
void StubInit(StubCallback* value) {
    char* d = static_cast<char*>(value);
    char* end = d + sizeof(StubCallback);
    for (; d != end; ++d) {
        *d = 0;
    }
}

void StubInit(StubCounter* value) {
    char* d = static_cast<char*>(value);
    char* end = d + sizeof(StubCounter);
    for (; d != end; ++d) {
        *d = 0;
    }
}

} //NS:StubInternalWarp

void StubSmurf::func2() {
}

void StubSmurf::func3() {
}

void StubSmurf::func4() {
}

StubSmurf::StubSmurf() {
}

StubSmurf::~StubSmurf() {
}

namespace StubInternalSmurf {
void StubInit(StubCallback* value) {
    char* d = static_cast<char*>(value);
    char* end = d + sizeof(StubCallback);
    for (; d != end; ++d) {
        *d = 0;
    }
}

void StubInit(StubCounter* value) {
    char* d = static_cast<char*>(value);
    char* end = d + sizeof(StubCounter);
    for (; d != end; ++d) {
        *d = 0;
    }
}

} //NS:StubInternalSmurf

void StubDaddySmurf::func2() {
}

void StubDaddySmurf::func3() {
}

void StubDaddySmurf::func4() {
}

StubDaddySmurf::StubDaddySmurf() {
}

StubDaddySmurf::~StubDaddySmurf() {
}

namespace StubInternalDaddySmurf {
void StubInit(StubCallback* value) {
    char* d = static_cast<char*>(value);
    char* end = d + sizeof(StubCallback);
    for (; d != end; ++d) {
        *d = 0;
    }
}

void StubInit(StubCounter* value) {
    char* d = static_cast<char*>(value);
    char* end = d + sizeof(StubCounter);
    for (; d != end; ++d) {
        *d = 0;
    }
}

} //NS:StubInternalDaddySmurf

