#ifndef class_nested.hpp.out
#define class_nested.hpp.out
class StubOuterClass : public OuterClass {
public:
    StubOuterClass();
    ~StubOuterClass();

private:
};

namespace StubCallbackOuterClass {
struct IdtorOuterClass { virtual void dtorOuterClass() = 0; };
} //NS:StubCallbackOuterClass

namespace StubInternalOuterClass {
struct StubData {
    StubCallbackOuterClass::IdtorOuterClass* dtorOuterClass_callback;
    unsigned dtorOuterClass_cnt;
};
} //NS:StubInternalOuterClass

#endif // class_nested.hpp.out
