#ifndef class_impl_hpp
#define class_impl_hpp
class StubSimple : public Simple {
public:
    StubSimple();
    StubSimple(char x);
    StubSimple(int y);
    ~StubSimple();

};

namespace StubCallbackSimple {
struct IdtorSimple { virtual void dtorSimple() = 0; };
} //NS:StubCallbackSimple

namespace StubInternalSimple {
struct StubData {
    StubCallbackSimple::IdtorSimple* dtorSimple_callback;
    unsigned dtorSimple_cnt;
};
} //NS:StubInternalSimple

#endif // class_impl_hpp
