#ifndef class_many.hpp.out
#define class_many.hpp.out
class StubSimple : public Simple {
public:
    StubSimple();
    ~StubSimple();

private:
};

namespace StubCallbackSimple {
struct IdtorSimple { virtual void dtorSimple() = 0; };
} //NS:StubCallbackSimple

namespace StubInternalSimple {
struct StubData {
    StubCallbackSimple::IdtorSimple* dtorSimple_callback;
    unsigned dtorSimple_cnt;
};
} //NS:StubInternalSimple

class StubSimple2 : public Simple2 {
public:
    StubSimple2();
    ~StubSimple2();

private:
};

namespace StubCallbackSimple2 {
struct IdtorSimple2 { virtual void dtorSimple2() = 0; };
} //NS:StubCallbackSimple2

namespace StubInternalSimple2 {
struct StubData {
    StubCallbackSimple2::IdtorSimple2* dtorSimple2_callback;
    unsigned dtorSimple2_cnt;
};
} //NS:StubInternalSimple2

class StubOuterClass : public OuterClass {
public:
    StubOuterClass();
    ~StubOuterClass();

private:
};

namespace StubCallbackOuterClass {
struct IdtorOuterClass { virtual void dtorOuterClass() = 0; };
} //NS:StubCallbackOuterClass

namespace StubInternalOuterClass {
struct StubData {
    StubCallbackOuterClass::IdtorOuterClass* dtorOuterClass_callback;
    unsigned dtorOuterClass_cnt;
};
} //NS:StubInternalOuterClass

class StubInnerClass : public OuterClass::InnerClass {
public:
    StubInnerClass();
    ~StubInnerClass();

private:
};

namespace StubCallbackInnerClass {
struct IdtorInnerClass { virtual void dtorInnerClass() = 0; };
} //NS:StubCallbackInnerClass

namespace StubInternalInnerClass {
struct StubData {
    StubCallbackInnerClass::IdtorInnerClass* dtorInnerClass_callback;
    unsigned dtorInnerClass_cnt;
};
} //NS:StubInternalInnerClass

class StubInnerClass2 : public OuterClass::InnerClass::InnerClass2 {
public:
    StubInnerClass2();
    ~StubInnerClass2();

};

namespace StubCallbackInnerClass2 {
struct IdtorInnerClass2 { virtual void dtorInnerClass2() = 0; };
} //NS:StubCallbackInnerClass2

namespace StubInternalInnerClass2 {
struct StubData {
    StubCallbackInnerClass2::IdtorInnerClass2* dtorInnerClass2_callback;
    unsigned dtorInnerClass2_cnt;
};
} //NS:StubInternalInnerClass2

#endif // class_many.hpp.out
